// Jest Snapshot v1, https://goo.gl/fbAQLP

exports[`getDailyReport with newer-firmware (snake_case) response from docs sends Zahtjev with BrojDI parameter 1`] = `
"<?xml version="1.0" encoding="utf-8"?>
<Zahtjev
	xmlns:xsi="http://www.w3.org/2001/XMLSchema-instance"
	xmlns:xsd="http://www.w3.org/2001/XMLSchema">
	<Parametri>
		<Parametar>
			<Naziv>BrojDI</Naziv>
			<Vrijednost>1235</Vrijednost>
		</Parametar>
	</Parametri>
</Zahtjev>"
`;
